\BOOKMARK [1][-]{section.1}{\376\377\137\025\212\000}{}% 1
\BOOKMARK [1][-]{section.2}{\376\377\116\011\176\364\211\306\211\311\221\315\136\372\166\204\116\373\122\241\152\041\127\213\116\016\213\304\116\367\176\364\136\246}{}% 2
\BOOKMARK [2][-]{subsection.2.1}{\376\377\116\373\122\241\152\041\127\213}{section.2}% 3
\BOOKMARK [2][-]{subsection.2.2}{\376\377\217\223\121\372\210\150\171\072}{section.2}% 4
\BOOKMARK [2][-]{subsection.2.3}{\376\377\213\304\116\367\176\364\136\246}{section.2}% 5
\BOOKMARK [1][-]{section.3}{\376\377\116\073\155\101\116\011\176\364\211\306\211\311\221\315\136\372\142\200\147\057\123\237\164\006\122\006\147\220}{}% 6
\BOOKMARK [2][-]{subsection.3.1}{\376\377\123\314\166\356\116\016\131\032\211\306\126\376\172\313\117\123\211\306\211\311}{section.3}% 7
\BOOKMARK [2][-]{subsection.3.2}{\376\377\000S\000f\000M\000+\000M\000V\000S\000\040\135\345\172\013\173\241\176\277}{section.3}% 8
\BOOKMARK [2][-]{subsection.3.3}{\376\377\176\323\147\204\121\111\116\011\176\364\221\315\136\372}{section.3}% 9
\BOOKMARK [2][-]{subsection.3.4}{\376\377\000T\000o\000F\000\040\116\016\000\040\000R\000G\000B\000-\000D\000\040\221\315\136\372}{section.3}% 10
\BOOKMARK [2][-]{subsection.3.5}{\376\377\157\300\121\111\226\367\217\276\116\016\157\300\121\111\142\153\143\317\221\315\136\372}{section.3}% 11
\BOOKMARK [2][-]{subsection.3.6}{\376\377\171\136\176\317\226\220\137\017\221\315\136\372\377\032\000N\000e\000R\000F\000\040\116\016\000\040\0003\000D\000\040\000G\000a\000u\000s\000s\000i\000a\000n\000\040\000S\000p\000l\000a\000t\000t\000i\000n\000g}{section.3}% 12
\BOOKMARK [1][-]{section.4}{\376\377\116\073\155\101\142\200\147\057\152\052\124\021\133\371\153\324}{}% 13
\BOOKMARK [2][-]{subsection.4.1}{\376\377\133\371\153\324\176\364\136\246\122\006\147\220}{section.4}% 14
\BOOKMARK [2][-]{subsection.4.2}{\376\377\142\200\147\057\133\371\153\324\210\150}{section.4}% 15
\BOOKMARK [2][-]{subsection.4.3}{\376\377\220\011\127\213\136\372\213\256\210\150}{section.4}% 16
\BOOKMARK [1][-]{section.5}{\376\377\136\224\165\050\127\072\146\157\122\006\147\220}{}% 17
\BOOKMARK [2][-]{subsection.5.1}{\376\377\146\172\200\375\122\066\220\040\116\016\135\345\116\032\215\050\150\300}{section.5}% 18
\BOOKMARK [2][-]{subsection.5.2}{\376\377\145\207\162\151\117\335\142\244\116\016\145\207\123\026\220\127\116\247\145\160\133\127\123\026}{section.5}% 19
\BOOKMARK [2][-]{subsection.5.3}{\376\377\201\352\122\250\232\176\232\166\116\016\171\373\122\250\147\072\126\150\116\272}{section.5}% 20
\BOOKMARK [2][-]{subsection.5.4}{\376\377\136\372\173\121\155\113\176\330\060\001\127\372\170\100\213\276\145\275\116\016\145\160\133\127\133\152\165\037}{section.5}% 21
\BOOKMARK [2][-]{subsection.5.5}{\376\377\000A\000R\000/\000V\000R\060\001\145\160\133\127\121\205\133\271\116\016\165\065\125\106\134\125\171\072}{section.5}% 22
\BOOKMARK [1][-]{section.6}{\376\377\215\213\122\277\122\044\145\255\116\016\117\030\123\026\136\372\213\256}{}% 23
\BOOKMARK [2][-]{subsection.6.1}{\376\377\116\316\040\034\123\125\142\200\147\057\172\336\116\211\040\035\215\160\124\021\040\034\176\304\124\010\137\017\174\373\176\337\213\276\213\241\040\035}{section.6}% 24
\BOOKMARK [2][-]{subsection.6.2}{\376\377\000A\000I\000\040\166\204\116\367\120\074\146\364\220\002\124\010\204\075\127\050\040\034\205\204\137\061\163\257\202\202\130\236\137\072\040\035}{section.6}% 25
\BOOKMARK [2][-]{subsection.6.3}{\376\377\126\364\176\325\127\072\146\157\176\246\147\137\120\132\122\115\177\156\220\011\127\213}{section.6}% 26
\BOOKMARK [1][-]{section.7}{\376\377\176\323\213\272}{}% 27
